[32mComputing main repo mapping:[0m 
[32mLoading:[0m 
[32mLoading:[0m 0 packages loaded
[32mAnalyzing:[0m 47 targets (0 packages loaded, 0 targets configured)
[32mAnalyzing:[0m 47 targets (0 packages loaded, 0 targets configured)

[32mINFO: [0mAnalyzed 47 targets (0 packages loaded, 34 targets configured).
[32m[133 / 169][0m 34 / 47 tests;[0m Compiling tests/bspline_fitter_4d_separable_test.cc; 1s linux-sandbox ... (16 actions, 15 running)
[32m[154 / 173][0m 37 / 47 tests;[0m Compiling tests/bspline_fitter_4d_separable_test.cc; 2s linux-sandbox ... (6 actions running)
[32m[169 / 178][0m 42 / 47 tests;[0m Compiling tests/bspline_fitter_4d_test.cc; 3s linux-sandbox ... (3 actions running)
[32m[179 / 182][0m 44 / 47 tests;[0m Testing //tests:bspline_4d_end_to_end_performance_test; 2s linux-sandbox ... (3 actions, 2 running)
[32mINFO: [0mFound 47 test targets...
[32mINFO: [0mElapsed time: 6.014s, Critical Path: 5.94s
[32mINFO: [0m103 processes: 57 internal, 46 linux-sandbox.
[32mINFO: [0mBuild completed successfully, 103 total actions
//tests:american_option_solver_test                             [0m[32m(cached) PASSED[0m in 0.1s
//tests:boundary_conditions_test                                [0m[32m(cached) PASSED[0m in 0.0s
//tests:brent_cpp_test                                          [0m[32m(cached) PASSED[0m in 0.0s
//tests:centered_difference_facade_test                         [0m[32m(cached) PASSED[0m in 0.0s
//tests:centered_difference_simd_test                           [0m[32m(cached) PASSED[0m in 0.0s
//tests:crc64_test                                              [0m[32m(cached) PASSED[0m in 0.0s
//tests:feature_detection_test                                  [0m[32m(cached) PASSED[0m in 0.0s
//tests:grid_expected_test                                      [0m[32m(cached) PASSED[0m in 0.0s
//tests:grid_spacing_test                                       [0m[32m(cached) PASSED[0m in 0.0s
//tests:grid_test                                               [0m[32m(cached) PASSED[0m in 0.0s
//tests:integration_5d_price_table_test                         [0m[32m(cached) PASSED[0m in 0.0s
//tests:iv_solver_test                                          [0m[32m(cached) PASSED[0m in 0.3s
//tests:minimal_expected_test                                   [0m[32m(cached) PASSED[0m in 0.0s
//tests:multigrid_test                                          [0m[32m(cached) PASSED[0m in 0.0s
//tests:newton_workspace_test                                   [0m[32m(cached) PASSED[0m in 0.0s
//tests:normalized_chain_solver_test                            [0m[32m(cached) PASSED[0m in 0.0s
//tests:obstacle_test                                           [0m[32m(cached) PASSED[0m in 0.1s
//tests:operator_factory_test                                   [0m[32m(cached) PASSED[0m in 0.0s
//tests:pde_solver_test                                         [0m[32m(cached) PASSED[0m in 0.2s
//tests:pde_workspace_test                                      [0m[32m(cached) PASSED[0m in 0.0s
//tests:price_table_snapshot_collector_expected_test            [0m[32m(cached) PASSED[0m in 0.0s
//tests:price_table_snapshot_collector_test                     [0m[32m(cached) PASSED[0m in 0.0s
//tests:root_finding_test                                       [0m[32m(cached) PASSED[0m in 0.0s
//tests:snapshot_test                                           [0m[32m(cached) PASSED[0m in 0.0s
//tests:spatial_operator_integration_test                       [0m[32m(cached) PASSED[0m in 0.0s
//tests:spatial_operator_test                                   [0m[32m(cached) PASSED[0m in 0.0s
//tests:spatial_operators_test                                  [0m[32m(cached) PASSED[0m in 0.0s
//tests:temporal_event_test                                     [0m[32m(cached) PASSED[0m in 0.0s
//tests:thomas_cubic_spline_test                                [0m[32m(cached) PASSED[0m in 0.0s
//tests:time_domain_test                                        [0m[32m(cached) PASSED[0m in 0.0s
//tests:trbdf2_config_test                                      [0m[32m(cached) PASSED[0m in 0.0s
//tests:tridiagonal_solver_test                                 [0m[32m(cached) PASSED[0m in 0.0s
//tests:unified_memory_resource_test                            [0m[32m(cached) PASSED[0m in 0.0s
//tests:workspace_base_test                                     [0m[32m(cached) PASSED[0m in 0.1s
//tests:bspline_4d_end_to_end_performance_test                           [0m[32mPASSED[0m in 3.6s
//tests:bspline_4d_test                                                  [0m[32mPASSED[0m in 0.1s
//tests:bspline_banded_solver_test                                       [0m[32mPASSED[0m in 0.0s
//tests:bspline_collocation_1d_test                                      [0m[32mPASSED[0m in 0.0s
//tests:bspline_fitter_4d_separable_test                                 [0m[32mPASSED[0m in 0.0s
//tests:bspline_fitter_4d_test                                           [0m[32mPASSED[0m in 0.2s
//tests:bspline_simd_smoke_test                                          [0m[32mPASSED[0m in 0.0s
//tests:bspline_vega_analytic_test                                       [0m[32mPASSED[0m in 0.0s
//tests:bspline_workspace_test                                           [0m[32mPASSED[0m in 0.0s
//tests:price_table_4d_integration_test                                  [0m[32mPASSED[0m in 0.3s
//tests:price_table_end_to_end_performance_test                          [0m[32mPASSED[0m in 1.1s
//tests:price_table_iv_integration_test                                  [0m[32mPASSED[0m in 0.1s
//tests:price_table_workspace_test                                       [0m[32mPASSED[0m in 0.0s

Executed 13 out of 47 tests: 47 tests pass.
There were tests whose specified size is too big. Use the --test_verbose_timeout_warnings command line option to see which ones these are.
[0m