2026-09-14T01:49:48+00:00
Running /tmp/mango-event-bench-20260914/before/bazel-bin/benchmarks/event_snapshot_impact
Run on (32 X 5058 MHz CPU s)
CPU Caches:
  L1 Data 48 KiB (x16)
  L1 Instruction 32 KiB (x16)
  L2 Unified 1024 KiB (x16)
  L3 Unified 32768 KiB (x2)
Load Average: 1.14, 1.04, 0.71
***WARNING*** CPU scaling is enabled, the benchmark real time measurements may be noisy and will incur extra overhead.
---------------------------------------------------------------------------------------------
Benchmark                                   Time             CPU   Iterations UserCounters...
---------------------------------------------------------------------------------------------
BM_EventDirectSolve/0/real_time        455048 ns       454860 ns          770 price=6.65614
BM_EventDirectSolve/1/real_time        550943 ns       550936 ns          636 price=6.74802
BM_EventManualBuild/0/real_time      15700459 ns     15699660 ns           22 pde_solves=16 price=5.35055 sample_points=13.68k sample_rows=80
BM_EventManualBuild/1/real_time      17150748 ns     17150366 ns           20 pde_solves=16 price=5.3869 sample_points=25.44k sample_rows=160
BM_EventManualBuild/3/real_time      18909733 ns     18908604 ns           18 pde_solves=16 price=5.82066 sample_points=38.08k sample_rows=320
BM_EventAdaptiveBuild/0/real_time  1599747658 ns   1599561638 ns            1 error_bps=46.2824 pde_solves=1.216k refinement_iterations=8 sample_points=4.2492M sample_rows=35.472k
BM_EventAdaptiveBuild/1/real_time   396764278 ns    396742855 ns            1 error_bps=376.187 pde_solves=1.151k refinement_iterations=5 sample_points=769.496k sample_rows=7.748k
BM_EventFixedGridSolve/0/real_time    7191653 ns      7191469 ns           49 extra_snapshot_bytes=0 ordinary_snapshot_bytes=33.768k price=7.23456 time_steps=1.008k
