2026-09-14T01:50:06+00:00
Running /tmp/mango-event-bench-20260914/after/bazel-bin/benchmarks/event_snapshot_impact
Run on (32 X 5058 MHz CPU s)
CPU Caches:
  L1 Data 48 KiB (x16)
  L1 Instruction 32 KiB (x16)
  L2 Unified 1024 KiB (x16)
  L3 Unified 32768 KiB (x2)
Load Average: 1.31, 1.09, 0.74
***WARNING*** CPU scaling is enabled, the benchmark real time measurements may be noisy and will incur extra overhead.
---------------------------------------------------------------------------------------------
Benchmark                                   Time             CPU   Iterations UserCounters...
---------------------------------------------------------------------------------------------
BM_EventDirectSolve/0/real_time        455199 ns       454951 ns          769 price=6.65614
BM_EventDirectSolve/1/real_time        552145 ns       552109 ns          635 price=6.74802
BM_EventManualBuild/0/real_time      15770555 ns     15766731 ns           22 pde_solves=16 price=5.35055 sample_points=13.68k sample_rows=80
BM_EventManualBuild/1/real_time      16629355 ns     16628386 ns           21 pde_solves=16 price=5.38691 sample_points=25.44k sample_rows=160
BM_EventManualBuild/3/real_time      17727327 ns     17727112 ns           20 pde_solves=16 price=5.82064 sample_points=38.08k sample_rows=320
BM_EventAdaptiveBuild/0/real_time  1536280394 ns   1536209410 ns            1 error_bps=45.3553 pde_solves=1.217k refinement_iterations=8 sample_points=4.2492M sample_rows=35.472k
BM_EventAdaptiveBuild/1/real_time   375417709 ns    375274874 ns            1 error_bps=375.825 pde_solves=1.154k refinement_iterations=5 sample_points=769.496k sample_rows=7.748k
BM_EventFixedGridSolve/0/real_time    7181299 ns      7180334 ns           49 extra_snapshot_bytes=0 ordinary_snapshot_bytes=33.768k price=7.23456 time_steps=1.008k
BM_EventFixedGridSolve/1/real_time    7185352 ns      7185024 ns           49 extra_snapshot_bytes=4.824k ordinary_snapshot_bytes=33.768k price=7.23456 time_steps=1.008k
