2026-09-14T01:49:57+00:00
Running /tmp/mango-event-bench-20260914/after/bazel-bin/benchmarks/event_snapshot_impact
Run on (32 X 5058 MHz CPU s)
CPU Caches:
  L1 Data 48 KiB (x16)
  L1 Instruction 32 KiB (x16)
  L2 Unified 1024 KiB (x16)
  L3 Unified 32768 KiB (x2)
Load Average: 1.27, 1.07, 0.73
***WARNING*** CPU scaling is enabled, the benchmark real time measurements may be noisy and will incur extra overhead.
---------------------------------------------------------------------------------------------
Benchmark                                   Time             CPU   Iterations UserCounters...
---------------------------------------------------------------------------------------------
BM_EventDirectSolve/0/real_time        453931 ns       453928 ns          771 price=6.65614
BM_EventDirectSolve/1/real_time        554145 ns       554085 ns          632 price=6.74802
BM_EventManualBuild/0/real_time      15780189 ns     15770553 ns           22 pde_solves=16 price=5.35055 sample_points=13.68k sample_rows=80
BM_EventManualBuild/1/real_time      16670624 ns     16669657 ns           21 pde_solves=16 price=5.38691 sample_points=25.44k sample_rows=160
BM_EventManualBuild/3/real_time      17674351 ns     17672511 ns           20 pde_solves=16 price=5.82064 sample_points=38.08k sample_rows=320
BM_EventAdaptiveBuild/0/real_time  1535281420 ns   1535071140 ns            1 error_bps=45.3553 pde_solves=1.217k refinement_iterations=8 sample_points=4.2492M sample_rows=35.472k
BM_EventAdaptiveBuild/1/real_time   375887156 ns    375849311 ns            1 error_bps=375.825 pde_solves=1.154k refinement_iterations=5 sample_points=769.496k sample_rows=7.748k
BM_EventFixedGridSolve/0/real_time    7199331 ns      7198846 ns           49 extra_snapshot_bytes=0 ordinary_snapshot_bytes=33.768k price=7.23456 time_steps=1.008k
BM_EventFixedGridSolve/1/real_time    7213539 ns      7210569 ns           49 extra_snapshot_bytes=4.824k ordinary_snapshot_bytes=33.768k price=7.23456 time_steps=1.008k
