2026-09-14T01:49:03+00:00
Running /tmp/mango-event-bench-20260914/before/bazel-bin/benchmarks/event_snapshot_impact
Run on (32 X 5058 MHz CPU s)
CPU Caches:
  L1 Data 48 KiB (x16)
  L1 Instruction 32 KiB (x16)
  L2 Unified 1024 KiB (x16)
  L3 Unified 32768 KiB (x2)
Load Average: 0.88, 0.99, 0.68
***WARNING*** CPU scaling is enabled, the benchmark real time measurements may be noisy and will incur extra overhead.
---------------------------------------------------------------------------------------------
Benchmark                                   Time             CPU   Iterations UserCounters...
---------------------------------------------------------------------------------------------
BM_EventDirectSolve/0/real_time        454295 ns       454250 ns          771 price=6.65614
BM_EventDirectSolve/1/real_time        552728 ns       552708 ns          633 price=6.74802
BM_EventManualBuild/0/real_time      15713843 ns     15705259 ns           22 pde_solves=16 price=5.35055 sample_points=13.68k sample_rows=80
BM_EventManualBuild/1/real_time      17142689 ns     17142492 ns           20 pde_solves=16 price=5.3869 sample_points=25.44k sample_rows=160
BM_EventManualBuild/3/real_time      18899127 ns     18897855 ns           19 pde_solves=16 price=5.82066 sample_points=38.08k sample_rows=320
BM_EventAdaptiveBuild/0/real_time  1595159769 ns   1594936544 ns            1 error_bps=46.2824 pde_solves=1.216k refinement_iterations=8 sample_points=4.2492M sample_rows=35.472k
BM_EventAdaptiveBuild/1/real_time   395827532 ns    395753553 ns            1 error_bps=376.187 pde_solves=1.151k refinement_iterations=5 sample_points=769.496k sample_rows=7.748k
BM_EventFixedGridSolve/0/real_time    7197818 ns      7196979 ns           49 extra_snapshot_bytes=0 ordinary_snapshot_bytes=33.768k price=7.23456 time_steps=1.008k
