2026-09-14T01:49:20+00:00
Running /tmp/mango-event-bench-20260914/after/bazel-bin/benchmarks/event_snapshot_impact
Run on (32 X 5058 MHz CPU s)
CPU Caches:
  L1 Data 48 KiB (x16)
  L1 Instruction 32 KiB (x16)
  L2 Unified 1024 KiB (x16)
  L3 Unified 32768 KiB (x2)
Load Average: 0.99, 1.01, 0.69
***WARNING*** CPU scaling is enabled, the benchmark real time measurements may be noisy and will incur extra overhead.
---------------------------------------------------------------------------------------------
Benchmark                                   Time             CPU   Iterations UserCounters...
---------------------------------------------------------------------------------------------
BM_EventDirectSolve/0/real_time        452159 ns       452124 ns          774 price=6.65614
BM_EventDirectSolve/1/real_time        552579 ns       552510 ns          633 price=6.74802
BM_EventManualBuild/0/real_time      15745130 ns     15744101 ns           22 pde_solves=16 price=5.35055 sample_points=13.68k sample_rows=80
BM_EventManualBuild/1/real_time      16632670 ns     16632582 ns           21 pde_solves=16 price=5.38691 sample_points=25.44k sample_rows=160
BM_EventManualBuild/3/real_time      17684317 ns     17681858 ns           20 pde_solves=16 price=5.82064 sample_points=38.08k sample_rows=320
BM_EventAdaptiveBuild/0/real_time  1542037010 ns   1541830959 ns            1 error_bps=45.3553 pde_solves=1.217k refinement_iterations=8 sample_points=4.2492M sample_rows=35.472k
BM_EventAdaptiveBuild/1/real_time   378230095 ns    378189759 ns            1 error_bps=375.825 pde_solves=1.154k refinement_iterations=5 sample_points=769.496k sample_rows=7.748k
BM_EventFixedGridSolve/0/real_time    7190602 ns      7190446 ns           49 extra_snapshot_bytes=0 ordinary_snapshot_bytes=33.768k price=7.23456 time_steps=1.008k
BM_EventFixedGridSolve/1/real_time    7182515 ns      7178268 ns           49 extra_snapshot_bytes=4.824k ordinary_snapshot_bytes=33.768k price=7.23456 time_steps=1.008k
