2026-09-14T01:49:39+00:00
Running /tmp/mango-event-bench-20260914/before/bazel-bin/benchmarks/event_snapshot_impact
Run on (32 X 5058 MHz CPU s)
CPU Caches:
  L1 Data 48 KiB (x16)
  L1 Instruction 32 KiB (x16)
  L2 Unified 1024 KiB (x16)
  L3 Unified 32768 KiB (x2)
Load Average: 1.07, 1.02, 0.70
***WARNING*** CPU scaling is enabled, the benchmark real time measurements may be noisy and will incur extra overhead.
---------------------------------------------------------------------------------------------
Benchmark                                   Time             CPU   Iterations UserCounters...
---------------------------------------------------------------------------------------------
BM_EventDirectSolve/0/real_time        456347 ns       456275 ns          763 price=6.65614
BM_EventDirectSolve/1/real_time        555388 ns       555376 ns          634 price=6.74802
BM_EventManualBuild/0/real_time      15763153 ns     15762950 ns           22 pde_solves=16 price=5.35055 sample_points=13.68k sample_rows=80
BM_EventManualBuild/1/real_time      17193282 ns     17189869 ns           20 pde_solves=16 price=5.3869 sample_points=25.44k sample_rows=160
BM_EventManualBuild/3/real_time      18942753 ns     18942337 ns           18 pde_solves=16 price=5.82066 sample_points=38.08k sample_rows=320
BM_EventAdaptiveBuild/0/real_time  1595926046 ns   1595732202 ns            1 error_bps=46.2824 pde_solves=1.216k refinement_iterations=8 sample_points=4.2492M sample_rows=35.472k
BM_EventAdaptiveBuild/1/real_time   398156166 ns    398148726 ns            1 error_bps=376.187 pde_solves=1.151k refinement_iterations=5 sample_points=769.496k sample_rows=7.748k
BM_EventFixedGridSolve/0/real_time    7188826 ns      7185887 ns           49 extra_snapshot_bytes=0 ordinary_snapshot_bytes=33.768k price=7.23456 time_steps=1.008k
